
xip_cache_invalidate.elf:     file format elf32-littleriscv


Disassembly of section .text:

80000000 <_start>:
80000000:	80001137          	lui	sp,0x80001
80000004:	7111                	add	sp,sp,-256
80000006:	f000b2b7          	lui	t0,0xf000b
8000000a:	0002a403          	lw	s0,0(t0) # f000b000 <XIP_BASE>
8000000e:	0002a483          	lw	s1,0(t0)
80000012:	f000a337          	lui	t1,0xf000a
80000016:	6385                	lui	t2,0x1
80000018:	f0038393          	add	t2,t2,-256 # f00 <CFG_VALUE>
8000001c:	00732623          	sw	t2,12(t1) # f000a00c <CFGXIP_BASE+0xc>
80000020:	00032423          	sw	zero,8(t1)
80000024:	0002a903          	lw	s2,0(t0)
80000028:	00c32983          	lw	s3,12(t1)
8000002c:	ca5f0e37          	lui	t3,0xca5f0
80000030:	ae1e0e13          	add	t3,t3,-1311 # ca5efae1 <MARKER_FAIL>
80000034:	01240563          	beq	s0,s2,8000003e <_store>
80000038:	ca5e0e37          	lui	t3,0xca5e0
8000003c:	0e05                	add	t3,t3,1 # ca5e0001 <MARKER_PASS>

8000003e <_store>:
8000003e:	800002b7          	lui	t0,0x80000
80000042:	10028293          	add	t0,t0,256 # 80000100 <MARKER_ADDR>
80000046:	01c2a023          	sw	t3,0(t0)
8000004a:	0082a223          	sw	s0,4(t0)
8000004e:	0092a423          	sw	s1,8(t0)
80000052:	0122a623          	sw	s2,12(t0)
80000056:	0132a823          	sw	s3,16(t0)
8000005a:	a001                	j	8000005a <_store+0x1c>
