
xip_cjal_repro.elf:     file format elf32-littleriscv


Disassembly of section .text:

f000b000 <_start>:
f000b000:	80000137          	lui	sp,0x80000
f000b004:	40010113          	add	sp,sp,1024 # 80000400 <MARKER_BASE+0x300>
f000b008:	80000437          	lui	s0,0x80000
f000b00c:	10040413          	add	s0,s0,256 # 80000100 <MARKER_BASE>
f000b010:	00042023          	sw	zero,0(s0)
f000b014:	00042223          	sw	zero,4(s0)
f000b018:	00042423          	sw	zero,8(s0)
f000b01c:	00042623          	sw	zero,12(s0)
f000b020:	00042823          	sw	zero,16(s0)
f000b024:	00042a23          	sw	zero,20(s0)
f000b028:	00042c23          	sw	zero,24(s0)
f000b02c:	00042e23          	sw	zero,28(s0)
f000b030:	02042023          	sw	zero,32(s0)
f000b034:	2861                	jal	f000b0cc <_s2_sub>
f000b036:	2055                	jal	f000b0da <_s3_sub>
f000b038:	0001                	.short	0x0001
f000b03a:	0ae000ef          	jal	f000b0e8 <_s4_sub>
f000b03e:	285d                	jal	f000b0f4 <_s5_sub>
f000b040:	00000297          	auipc	t0,0x0
f000b044:	0d428293          	add	t0,t0,212 # f000b114 <_xip_bytes>
f000b048:	0002a303          	lw	t1,0(t0)
f000b04c:	efbeb3b7          	lui	t2,0xefbeb
f000b050:	dde38393          	add	t2,t2,-546 # efbeadde <EXPECT_WORD>
f000b054:	00731763          	bne	t1,t2,f000b062 <_after_s6>
f000b058:	5c110e37          	lui	t3,0x5c110
f000b05c:	0e19                	add	t3,t3,6 # 5c110006 <OK_S6>
f000b05e:	01c42a23          	sw	t3,20(s0)

f000b062 <_after_s6>:
f000b062:	00000297          	auipc	t0,0x0
f000b066:	0b228293          	add	t0,t0,178 # f000b114 <_xip_bytes>
f000b06a:	0022d303          	lhu	t1,2(t0)
f000b06e:	63bd                	lui	t2,0xf
f000b070:	fbe38393          	add	t2,t2,-66 # efbe <EXPECT_HALF>
f000b074:	00731763          	bne	t1,t2,f000b082 <_after_s7>
f000b078:	5c110e37          	lui	t3,0x5c110
f000b07c:	0e1d                	add	t3,t3,7 # 5c110007 <OK_S7>
f000b07e:	01c42c23          	sw	t3,24(s0)

f000b082 <_after_s7>:
f000b082:	00000297          	auipc	t0,0x0
f000b086:	09228293          	add	t0,t0,146 # f000b114 <_xip_bytes>
f000b08a:	0012c303          	lbu	t1,1(t0)
f000b08e:	0ad00393          	li	t2,173
f000b092:	00731763          	bne	t1,t2,f000b0a0 <_after_s8>
f000b096:	5c110e37          	lui	t3,0x5c110
f000b09a:	0e21                	add	t3,t3,8 # 5c110008 <OK_S8>
f000b09c:	01c42e23          	sw	t3,28(s0)

f000b0a0 <_after_s8>:
f000b0a0:	00000297          	auipc	t0,0x0
f000b0a4:	07428293          	add	t0,t0,116 # f000b114 <_xip_bytes>
f000b0a8:	0032c303          	lbu	t1,3(t0)
f000b0ac:	0ef00393          	li	t2,239
f000b0b0:	00731763          	bne	t1,t2,f000b0be <_after_s9>
f000b0b4:	5c110e37          	lui	t3,0x5c110
f000b0b8:	0e25                	add	t3,t3,9 # 5c110009 <OK_S9>
f000b0ba:	03c42023          	sw	t3,32(s0)

f000b0be <_after_s9>:
f000b0be:	cafec2b7          	lui	t0,0xcafec
f000b0c2:	eef28293          	add	t0,t0,-273 # cafebeef <OK_OVERALL>
f000b0c6:	00542023          	sw	t0,0(s0)
f000b0ca:	a001                	j	f000b0ca <_after_s9+0xc>

f000b0cc <_s2_sub>:
f000b0cc:	5c1102b7          	lui	t0,0x5c110
f000b0d0:	0289                	add	t0,t0,2 # 5c110002 <OK_S2>
f000b0d2:	00542223          	sw	t0,4(s0)
f000b0d6:	8082                	ret
f000b0d8:	0001                	.short	0x0001

f000b0da <_s3_sub>:
f000b0da:	5c1102b7          	lui	t0,0x5c110
f000b0de:	028d                	add	t0,t0,3 # 5c110003 <OK_S3>
f000b0e0:	00542423          	sw	t0,8(s0)
f000b0e4:	8082                	ret
f000b0e6:	0001                	nop

f000b0e8 <_s4_sub>:
f000b0e8:	5c1102b7          	lui	t0,0x5c110
f000b0ec:	0291                	add	t0,t0,4 # 5c110004 <OK_S4>
f000b0ee:	00542623          	sw	t0,12(s0)
f000b0f2:	8082                	ret

f000b0f4 <_s5_sub>:
f000b0f4:	4281                	li	t0,0
f000b0f6:	0285                	add	t0,t0,1
f000b0f8:	0289                	add	t0,t0,2
f000b0fa:	0291                	add	t0,t0,4
f000b0fc:	02a1                	add	t0,t0,8
f000b0fe:	02c1                	add	t0,t0,16
f000b100:	437d                	li	t1,31
f000b102:	00629763          	bne	t0,t1,f000b110 <_s5_done>
f000b106:	5c1103b7          	lui	t2,0x5c110
f000b10a:	0395                	add	t2,t2,5 # 5c110005 <OK_S5>
f000b10c:	00742823          	sw	t2,16(s0)

f000b110 <_s5_done>:
f000b110:	8082                	ret
f000b112:	0001                	nop

f000b114 <_xip_bytes>:
f000b114:	efbeadde          	.word	0xefbeadde
f000b118:	bebafeca          	.word	0xbebafeca
